     1                                 %line 1+1 varMor2.s
     2                                 [global _start]
     3                                 
     4                                 [section .data]
     5 00000000 12                      bVar1 db 0x12
     6 00000001 AA                      bVar2 db 0xaa
     7 00000002 0000                    wVar1 dw 0x0000
     8 00000004 EEFF                    wVar2 dw 0xffee
     9                                 
    10                                 [section .text]
    11                                 _start:
    12 00000000 660FBE0C25[00000000]      movsx cx, byte [bVar1]
    13 00000009 660FBE0C25[00000000]      movsx cx, byte [bVar2]
    14 00000012 0FBF1C25[00000000]      movsx ebx, word [wVar1]
    15 0000001A 0FBF1C25[00000000]      movsx ebx, word [wVar2]
    16 00000022 0FBFD9                  movsx ebx, cx
    17 00000025 480FBED9                movsx rbx, cl
    18 00000029 480FBFD9                movsx rbx, cx
    19                                 
    20 0000002D 48C7C03C000000          mov rax,60
    21 00000034 48C7C700000000          mov rdi,0
    22 0000003B 0F05                    syscall
